// Jest Snapshot v1, https://goo.gl/fbAQLP

exports[`Card renders without crashing 1`] = `ShallowWrapper {}`;
