// Jest Snapshot v1, https://goo.gl/fbAQLP

exports[`MenuList renders without crashing 1`] = `ShallowWrapper {}`;
